MO sync_r2w NULL sync_r2w.v vlg67/sync__r2w.bin 1483324171
MO fifo_asynchronous NULL fifo_asynchronous.v vlg2F/fifo__asynchronous.bin 1483324171
MO fifomem NULL fifomem.v vlg17/fifomem.bin 1483324171
MO rptr_empty NULL rptr_empty.v vlg76/rptr__empty.bin 1483324171
MO sync_w2r NULL sync_w2r.v vlg5F/sync__w2r.bin 1483324171
MO wptr_full NULL wptr_full.v vlg27/wptr__full.bin 1483324171
